#-----------------------------------------------------------
# Vivado v2022.1 (64-bit)
# SW Build 3526262 on Mon Apr 18 15:48:16 MDT 2022
# IP Build 3524634 on Mon Apr 18 20:55:01 MDT 2022
# Start of session at: Sun Jul  3 09:09:36 2022
# Process ID: 59060
# Current directory: O:/KV260/v_log
# Command line: vivado.exe -source ../scripts/script_main.tcl -mode batch -notrace -tclargs --gui 1
# Log file: O:/KV260/v_log/vivado.log
# Journal file: O:/KV260/v_log\vivado.jou
# Running On: ASUS, OS: Windows, CPU Frequency: 3504 MHz, CPU Physical cores: 8, Host memory: 34222 MB
#-----------------------------------------------------------
source ../scripts/script_main.tcl -notrace
update_compile_order -fileset sources_1
reset_run synth_1
reset_run kv260_ispMipiRx_DP_mipi_csi2_rx_subsyst_0_0_synth_1
reset_run kv260_ispMipiRx_DP_clk_wiz_0_0_synth_1
reset_run bd_1590_r_sync_0_synth_1
reset_run kv260_ispMipiRx_DP_axis_data_fifo_cap_0_synth_1
reset_run kv260_ispMipiRx_DP_proc_sys_reset_300MHz_0_synth_1
reset_run kv260_ispMipiRx_DP_proc_sys_reset_600MHz_0_synth_1
launch_runs impl_1 -to_step write_bitstream -jobs 16
wait_on_run impl_1
write_hw_platform -fixed -include_bit -force -file O:/KV260/vitis/kv260_ispMipiRx_DP_wrapper.xsa
open_bd_design {O:/KV260/vivado/KV260.srcs/sources_1/bd/kv260_ispMipiRx_DP/kv260_ispMipiRx_DP.bd}
